[i] admin pgm using SDR parm overrides from bench.ionconfig.
wmKey:           0
wmSize:          40000000
wmAddress:       0
sdrName:        ''
sdrWmSize:       0
configFlags:     1
heapWords:       20000000
heapKey:         -1
logSize:         0
logKey:          -1
pathName:       '/tmp'
Initializing semaphores to use: Posix Named Semaphores - max : 2048
Stopping ionadmin.
Stopping ionsecadmin.
Stopping ionadmin.
Stopping bpadmin.
